--------------------------------------------------------------------------------------
Timing Analyzer Summary
--------------------------------------------------------------------------------------

Type           : Worst-case tsu
Slack          : N/A
Required Time  : None
Actual Time    : 15.900 ns
From           : addres[0]
To             : ogr:ogr_instance|mux_generic2:mux_0|output_0[4]
From Clock     : --
To Clock       : clk
Failed Paths   : 0

Type           : Worst-case tco
Slack          : N/A
Required Time  : None
Actual Time    : 12.500 ns
From           : ogr:ogr_instance|x_out[1]
To             : x_out[1]
From Clock     : clk
To Clock       : --
Failed Paths   : 0

Type           : Worst-case th
Slack          : N/A
Required Time  : None
Actual Time    : -2.000 ns
From           : x_in[3]
To             : ogr:ogr_instance|inn_x[3]
From Clock     : --
To Clock       : clk
Failed Paths   : 0

Type           : Clock Setup: 'clk'
Slack          : N/A
Required Time  : None
Actual Time    : 4.10 MHz ( period = 244.000 ns )
From           : ogr:ogr_instance|revers_cordic:revers_cordic_1|inn_angle[-8]
To             : ogr:ogr_instance|revers_cordic:revers_cordic_0|\reg_in:inn_x[8]
From Clock     : clk
To Clock       : clk
Failed Paths   : 0

Type           : Total number of failed paths
Slack          : 
Required Time  : 
Actual Time    : 
From           : 
To             : 
From Clock     : 
To Clock       : 
Failed Paths   : 0

--------------------------------------------------------------------------------------

